<?php return array (
  0 => 'Symfony\\Bundle\\FrameworkBundle\\Controller\\AbstractController',
  1 => 'App\\Controller\\Gestion_Evennement\\AdminController',
  2 => 'App\\Controller\\Gestion_Evennement\\ClientController',
  3 => 'App\\Controller\\Gestion_Evennement\\DSponsorController',
  4 => 'App\\Controller\\Gestion_Evennement\\EmployeController',
  5 => 'App\\Controller\\HomeController',
  6 => 'App\\Controller\\gestion_de_depence\\BookinglistController',
  7 => 'App\\Controller\\gestion_de_depence\\PaidBookingsController',
  8 => 'App\\Controller\\gestion_de_reservation\\BookingAdminController',
  9 => 'App\\Controller\\gestion_de_reservation\\BookingController',
  10 => 'App\\Controller\\gestion_de_reservation\\ConferenceLocationController',
  11 => 'App\\Controller\\gestion_de_reservation\\EvenementController',
  12 => 'App\\Controller\\gestion_de_reservation\\FlightController',
  13 => 'App\\Controller\\gestion_de_reservation\\HotelController',
  14 => 'App\\Controller\\gestion_de_reservation\\TransportController',
  15 => 'App\\Controller\\gestion_user\\RegistrationController',
  16 => 'App\\Controller\\gestion_user\\SecurityController',
  17 => 'App\\Controller\\gestion_user\\UserController',
  18 => 'App\\Entity\\Gestion_Evenement\\DemandeSponsoring',
  19 => 'App\\Entity\\Gestion_Evenement\\EmployeeEventAssignments',
  20 => 'App\\Entity\\Gestion_Evenement\\Evenement',
  21 => 'App\\Entity\\gestion_de_depence\\Statistiques',
  22 => 'App\\Entity\\gestion_de_depence\\Transaction',
  23 => 'App\\Entity\\gestion_de_reservation\\Booking',
  24 => 'App\\Entity\\gestion_de_reservation\\ConferenceLocation',
  25 => 'App\\Entity\\gestion_de_reservation\\Flight',
  26 => 'App\\Entity\\gestion_de_reservation\\Hotel',
  27 => 'App\\Entity\\gestion_de_reservation\\Transport',
  28 => 'App\\Entity\\gestion_user\\User',
  29 => 'App\\Entity\\gestion_user\\UserRole',
  30 => 'Doctrine\\Bundle\\DoctrineBundle\\Controller\\ProfilerController',
  31 => 'Doctrine\\ORM\\Cache\\Persister\\Entity\\AbstractEntityPersister',
  32 => 'Doctrine\\ORM\\Cache\\Persister\\Entity\\CachedEntityPersister',
  33 => 'Doctrine\\ORM\\Cache\\Persister\\Entity\\NonStrictReadWriteCachedEntityPersister',
  34 => 'Doctrine\\ORM\\Cache\\Persister\\Entity\\ReadOnlyCachedEntityPersister',
  35 => 'Doctrine\\ORM\\Cache\\Persister\\Entity\\ReadWriteCachedEntityPersister',
  36 => 'Doctrine\\ORM\\Persisters\\Entity\\AbstractEntityInheritancePersister',
  37 => 'Doctrine\\ORM\\Persisters\\Entity\\BasicEntityPersister',
  38 => 'Doctrine\\ORM\\Persisters\\Entity\\CachedPersisterContext',
  39 => 'Doctrine\\ORM\\Persisters\\Entity\\EntityPersister',
  40 => 'Doctrine\\ORM\\Persisters\\Entity\\JoinedSubclassPersister',
  41 => 'Doctrine\\ORM\\Persisters\\Entity\\SingleTablePersister',
  43 => 'Symfony\\Bundle\\FrameworkBundle\\Controller\\ControllerResolver',
  44 => 'Symfony\\Bundle\\FrameworkBundle\\Controller\\RedirectController',
  45 => 'Symfony\\Bundle\\FrameworkBundle\\Controller\\TemplateController',
  46 => 'Symfony\\Bundle\\WebProfilerBundle\\Controller\\ExceptionPanelController',
  47 => 'Symfony\\Bundle\\WebProfilerBundle\\Controller\\ProfilerController',
  48 => 'Symfony\\Bundle\\WebProfilerBundle\\Controller\\RouterController',
  49 => 'Symfony\\Component\\HttpKernel\\Controller\\ArgumentResolver',
  50 => 'Symfony\\Component\\HttpKernel\\Controller\\ArgumentResolverInterface',
  51 => 'Symfony\\Component\\HttpKernel\\Controller\\ArgumentResolver\\BackedEnumValueResolver',
  52 => 'Symfony\\Component\\HttpKernel\\Controller\\ArgumentResolver\\DateTimeValueResolver',
  53 => 'Symfony\\Component\\HttpKernel\\Controller\\ArgumentResolver\\DefaultValueResolver',
  54 => 'Symfony\\Component\\HttpKernel\\Controller\\ArgumentResolver\\NotTaggedControllerValueResolver',
  55 => 'Symfony\\Component\\HttpKernel\\Controller\\ArgumentResolver\\RequestAttributeValueResolver',
  56 => 'Symfony\\Component\\HttpKernel\\Controller\\ArgumentResolver\\RequestValueResolver',
  57 => 'Symfony\\Component\\HttpKernel\\Controller\\ArgumentResolver\\ServiceValueResolver',
  58 => 'Symfony\\Component\\HttpKernel\\Controller\\ArgumentResolver\\SessionValueResolver',
  59 => 'Symfony\\Component\\HttpKernel\\Controller\\ArgumentResolver\\TraceableValueResolver',
  60 => 'Symfony\\Component\\HttpKernel\\Controller\\ArgumentResolver\\UidValueResolver',
  61 => 'Symfony\\Component\\HttpKernel\\Controller\\ArgumentResolver\\VariadicValueResolver',
  62 => 'Symfony\\Component\\HttpKernel\\Controller\\ArgumentValueResolverInterface',
  63 => 'Symfony\\Component\\HttpKernel\\Controller\\ContainerControllerResolver',
  64 => 'Symfony\\Component\\HttpKernel\\Controller\\ControllerReference',
  65 => 'Symfony\\Component\\HttpKernel\\Controller\\ControllerResolver',
  66 => 'Symfony\\Component\\HttpKernel\\Controller\\ControllerResolverInterface',
  67 => 'Symfony\\Component\\HttpKernel\\Controller\\ErrorController',
  68 => 'Symfony\\Component\\HttpKernel\\Controller\\TraceableArgumentResolver',
  69 => 'Symfony\\Component\\HttpKernel\\Controller\\TraceableControllerResolver',
  70 => 'Symfony\\Component\\Security\\Http\\Controller\\UserValueResolver',
);